// Jest Snapshot v1, https://goo.gl/fbAQLP

exports[`AboutPage component render correctly 1`] = `
<DocumentFragment>
  <div>
    <h1>
      About us
    </h1>
  </div>
</DocumentFragment>
`;
