// Jest Snapshot v1, https://goo.gl/fbAQLP

exports[`Modal component render correctly 1`] = `
<DocumentFragment>
  <div
    class="modal active"
  >
    <div
      class="modal-content"
    >
      <button
        class="modal-btn"
      >
        x
      </button>
    </div>
  </div>
</DocumentFragment>
`;
