// Jest Snapshot v1, https://goo.gl/fbAQLP

exports[`NotFoundPage component render correctly 1`] = `
<DocumentFragment>
  <div>
    <h1>
      404 Page is not found
    </h1>
    Go 
    <a
      href="/"
    >
      Home
    </a>
  </div>
</DocumentFragment>
`;
